2025-04-16 20:04:00 | DEBUG | repo=course-sys-int-camel-seminar | action=commit
2025-01-13 09:02:00 | WARN | repo=course-sys-int-camel-seminar | action=edit | files=2
2025-02-01 12:01:00 | DEBUG | repo=course-sys-int-camel-seminar | action=commit
2025-10-16 11:35:00 | WARN | repo=course-sys-int-camel-seminar | action=commit
2025-05-18 12:43:00 | DEBUG | repo=course-sys-int-camel-seminar | action=commit
2025-06-09 08:03:00 | INFO | repo=course-sys-int-camel-seminar | action=commit
2025-06-24 07:26:00 | WARN | repo=course-sys-int-camel-seminar | action=commit
2025-10-05 20:44:00 | INFO | repo=course-sys-int-camel-seminar | action=commit
2025-06-23 15:02:00 | INFO | repo=course-sys-int-camel-seminar | action=pull
2025-09-16 16:17:00 | DEBUG | repo=course-sys-int-camel-seminar | action=edit | files=3
2025-01-03 21:45:00 | WARN | repo=course-sys-int-camel-seminar | action=test | passed=true
2025-07-10 10:50:00 | WARN | repo=course-sys-int-camel-seminar | action=commit
2025-05-11 10:38:00 | WARN | repo=course-sys-int-camel-seminar | action=commit
2025-12-05 08:44:00 | INFO | repo=course-sys-int-camel-seminar | action=commit
2025-04-05 07:05:00 | WARN | repo=course-sys-int-camel-seminar | action=edit | files=2
2025-11-18 12:48:00 | INFO | repo=course-sys-int-camel-seminar | action=commit
2025-04-15 13:30:00 | DEBUG | repo=course-sys-int-camel-seminar | action=commit
2025-07-08 20:46:00 | WARN | repo=course-sys-int-camel-seminar | action=commit
2025-07-09 21:17:00 | DEBUG | repo=course-sys-int-camel-seminar | action=commit
2025-03-25 20:12:00 | INFO | repo=course-sys-int-camel-seminar | action=commit
2025-07-21 11:53:00 | DEBUG | repo=course-sys-int-camel-seminar | action=edit | files=2
2025-09-05 19:27:00 | DEBUG | repo=course-sys-int-camel-seminar | action=commit
2025-12-05 19:45:00 | DEBUG | repo=course-sys-int-camel-seminar | action=edit | files=1
2025-04-12 12:26:00 | WARN | repo=course-sys-int-camel-seminar | action=commit
2025-12-23 10:51:00 | INFO | repo=course-sys-int-camel-seminar | action=commit
